2026-09-20 20:59:11,169 - INFO - Logging system initialized
2026-09-20 20:59:11,191 - ERROR - Error in Test Context: Test error
2026-09-20 20:59:11,196 - INFO - Logging system initialized
2026-09-20 20:59:11,196 - ERROR - Error in Division: division by zero
2026-09-20 21:41:27,794 - INFO - Logging system initialized
2026-09-20 21:41:27,804 - INFO - Smart Chassis dashboard started
2026-09-20 21:41:29,524 - INFO - Dataset loaded successfully: rows=4800, columns=12
2026-09-20 21:41:31,606 - INFO - Smart Chassis dashboard completed successfully
2026-09-20 23:26:15,942 - INFO - Logging system initialized
2026-09-20 23:26:17,244 - ERROR - Error in Test Context: Test error
2026-09-20 23:26:17,250 - INFO - Logging system initialized
2026-09-20 23:26:17,250 - ERROR - Error in Division: division by zero
2026-09-21 13:01:26,379 - INFO - Logging system initialized
2026-09-21 13:01:26,381 - INFO - Smart Chassis dashboard started
2026-09-21 13:01:27,205 - INFO - Dataset loaded successfully: rows=4800, columns=12
2026-09-21 13:01:28,604 - INFO - Smart Chassis dashboard completed successfully
2026-09-21 13:01:31,006 - INFO - Smart Chassis dashboard started
2026-09-21 13:01:31,371 - INFO - Sensor simulation completed: samples=500, anomalies=11
2026-09-21 13:01:31,861 - INFO - Smart Chassis dashboard completed successfully
2026-09-21 13:01:42,957 - INFO - Smart Chassis dashboard started
2026-09-21 13:01:43,254 - INFO - Sensor simulation completed: samples=500, anomalies=11
2026-09-21 13:01:43,856 - INFO - Smart Chassis dashboard completed successfully
2026-09-21 13:01:48,900 - INFO - Smart Chassis dashboard started
2026-09-21 13:01:49,179 - INFO - Sensor simulation completed: samples=500, anomalies=11
2026-09-21 13:01:49,810 - INFO - Smart Chassis dashboard completed successfully
2026-09-21 13:02:49,062 - INFO - Smart Chassis dashboard started
2026-09-21 13:02:49,368 - INFO - Sensor simulation completed: samples=500, anomalies=11
2026-09-21 13:02:49,928 - INFO - Smart Chassis dashboard completed successfully
2026-09-21 13:02:56,686 - INFO - Smart Chassis dashboard started
2026-09-21 13:02:57,022 - INFO - Sensor simulation completed: samples=1000, anomalies=17
2026-09-21 13:02:57,623 - INFO - Smart Chassis dashboard completed successfully
2026-09-21 13:02:59,687 - INFO - Smart Chassis dashboard started
2026-09-21 13:02:59,972 - INFO - Sensor simulation completed: samples=690, anomalies=15
2026-09-21 13:03:00,590 - INFO - Smart Chassis dashboard completed successfully
2026-09-21 13:03:02,035 - INFO - Smart Chassis dashboard started
2026-09-21 13:03:02,368 - INFO - Sensor simulation completed: samples=690, anomalies=52
2026-09-21 13:03:02,935 - INFO - Smart Chassis dashboard completed successfully
2026-09-21 13:03:09,123 - INFO - Smart Chassis dashboard started
2026-09-21 13:03:09,434 - INFO - Sensor simulation completed: samples=966, anomalies=63
2026-09-21 13:03:09,996 - INFO - Smart Chassis dashboard completed successfully
2026-09-21 13:03:12,107 - INFO - Smart Chassis dashboard started
2026-09-21 13:03:12,471 - INFO - Sensor simulation completed: samples=672, anomalies=48
2026-09-21 13:03:13,056 - INFO - Smart Chassis dashboard completed successfully
2026-09-21 13:03:14,925 - INFO - Smart Chassis dashboard started
2026-09-21 13:03:15,223 - INFO - Sensor simulation completed: samples=672, anomalies=57
2026-09-21 13:03:15,809 - INFO - Smart Chassis dashboard completed successfully
